// Jest Snapshot v1, https://goo.gl/fbAQLP

exports[`Auth user display no groups - add groups available for admin user should render correctly with user and no groups 1`] = `
<div>
  <div
    className="sc-gKAblj zZzyC"
  >
    <div
      className="sc-iCoHVE dLqnWd"
    >
      <table
        className="sc-jSFkmK bVAlUI"
        data-qa="user-details"
      >
        <tbody
          className="sc-gtssRu"
        >
          <tr
            className="sc-eCApGN"
          >
            <th
              className="sc-hKFyIo frRdSr"
            >
              Username
            </th>
            <td
              className="sc-hKFyIo gngZTL"
            >
              joesmith
            </td>
            <td
              className="sc-hKFyIo gngZTL"
            >
               
            </td>
          </tr>
          <tr
            className="sc-eCApGN"
          >
            <th
              className="sc-hKFyIo frRdSr"
            >
              Name
            </th>
            <td
              className="sc-hKFyIo gngZTL"
            >
              Joe
               
              Smith
            </td>
            <td
              className="sc-hKFyIo gngZTL"
            >
               
            </td>
          </tr>
          <tr
            className="sc-eCApGN"
          >
            <th
              className="sc-hKFyIo frRdSr"
            >
              Email
            </th>
            <td
              className="sc-hKFyIo gngZTL"
            >
              joe.smith@justice.gov.uk
            </td>
            <td
              className="sc-hKFyIo gngZTL"
            >
              <a
                className="sc-jrsJCI dKNLPL"
                data-qa="amend-link"
                href="/maintain-auth-users/joesmith/amend"
                muted={false}
                noVisitedState={false}
                onClick={[Function]}
                textColour={false}
              >
                Change
              </a>
            </td>
          </tr>
          <tr
            className="sc-eCApGN"
          >
            <th
              className="sc-hKFyIo frRdSr"
            >
              Locked
            </th>
            <td
              className="sc-hKFyIo gngZTL"
            >
              No
            </td>
            <td
              className="sc-hKFyIo gngZTL"
            >
               
            </td>
          </tr>
          <tr
            className="sc-eCApGN"
          >
            <th
              className="sc-hKFyIo frRdSr"
            >
              Enabled
            </th>
            <td
              className="sc-hKFyIo gngZTL"
            >
              Yes
            </td>
            <td
              className="sc-hKFyIo gngZTL"
            >
              <button
                className="sc-fujyUd bkpJKP"
                data-qa="enable-button"
                disabled={false}
                onClick={[Function]}
                value="joesmith"
              >
                Disable
              </button>
            </td>
          </tr>
          <tr
            className="sc-eCApGN"
          >
            <th
              className="sc-hKFyIo frRdSr"
            >
              Verified
            </th>
            <td
              className="sc-hKFyIo gngZTL"
            >
              No
            </td>
            <td
              className="sc-hKFyIo gngZTL"
            >
               
            </td>
          </tr>
          <tr
            className="sc-eCApGN"
          >
            <th
              className="sc-hKFyIo frRdSr"
            >
              Last logged in
            </th>
            <td
              className="sc-hKFyIo gngZTL"
            >
              2 February 2019 - 12:05:10
            </td>
            <td
              className="sc-hKFyIo gngZTL"
            >
               
            </td>
          </tr>
        </tbody>
      </table>
    </div>
  </div>
  <div
    className="sc-gKAblj cMBmtJ"
  >
    <div
      className="sc-iCoHVE ipJZGi"
    >
      <table
        className="sc-jSFkmK bVAlUI"
        data-qa="user-roles"
      >
        <tbody
          className="sc-gtssRu"
        >
          <tr
            className="sc-eCApGN"
          >
            <th
              className="sc-hKFyIo frRdSr"
            >
              Current roles
            </th>
            <th
              className="sc-hKFyIo frRdSr"
            >
               
            </th>
          </tr>
          <tr
            className="sc-eCApGN"
          >
            <td
              className="sc-hKFyIo gngZTL"
            >
              No roles found
            </td>
            <td
              className="sc-hKFyIo gngZTL"
            >
               
            </td>
          </tr>
        </tbody>
      </table>
    </div>
  </div>
  <div>
    <button
      className="sc-fujyUd xaCzL"
      data-qa="add-role-button"
      disabled={false}
      onClick={[Function]}
    >
      Add role
    </button>
  </div>
  <div
    className="sc-gKAblj cMBmtJ"
  >
    <div
      className="sc-iCoHVE ipJZGi"
    >
      <table
        className="sc-jSFkmK bVAlUI"
        data-qa="user-groups"
      >
        <tbody
          className="sc-gtssRu"
        >
          <tr
            className="sc-eCApGN"
          >
            <th
              className="sc-hKFyIo frRdSr"
            >
              Current groups
            </th>
            <th
              className="sc-hKFyIo frRdSr"
            >
               
            </th>
          </tr>
          <tr
            className="sc-eCApGN"
          >
            <td
              className="sc-hKFyIo gngZTL"
            >
              No groups found
            </td>
            <td
              className="sc-hKFyIo gngZTL"
            >
               
            </td>
          </tr>
        </tbody>
      </table>
    </div>
  </div>
  <div>
    <button
      className="sc-fujyUd xaCzL"
      data-qa="add-group-button"
      disabled={false}
      onClick={[Function]}
    >
      Add group
    </button>
  </div>
</div>
`;

exports[`Auth user display no groups - add groups not available for Group Manager should render correctly with user and no groups 1`] = `
<div>
  <div
    className="sc-gKAblj zZzyC"
  >
    <div
      className="sc-iCoHVE dLqnWd"
    >
      <table
        className="sc-jSFkmK bVAlUI"
        data-qa="user-details"
      >
        <tbody
          className="sc-gtssRu"
        >
          <tr
            className="sc-eCApGN"
          >
            <th
              className="sc-hKFyIo frRdSr"
            >
              Username
            </th>
            <td
              className="sc-hKFyIo gngZTL"
            >
              joesmith
            </td>
            <td
              className="sc-hKFyIo gngZTL"
            >
               
            </td>
          </tr>
          <tr
            className="sc-eCApGN"
          >
            <th
              className="sc-hKFyIo frRdSr"
            >
              Name
            </th>
            <td
              className="sc-hKFyIo gngZTL"
            >
              Joe
               
              Smith
            </td>
            <td
              className="sc-hKFyIo gngZTL"
            >
               
            </td>
          </tr>
          <tr
            className="sc-eCApGN"
          >
            <th
              className="sc-hKFyIo frRdSr"
            >
              Email
            </th>
            <td
              className="sc-hKFyIo gngZTL"
            >
              joe.smith@justice.gov.uk
            </td>
            <td
              className="sc-hKFyIo gngZTL"
            >
              <a
                className="sc-jrsJCI dKNLPL"
                data-qa="amend-link"
                href="/maintain-auth-users/joesmith/amend"
                muted={false}
                noVisitedState={false}
                onClick={[Function]}
                textColour={false}
              >
                Change
              </a>
            </td>
          </tr>
          <tr
            className="sc-eCApGN"
          >
            <th
              className="sc-hKFyIo frRdSr"
            >
              Locked
            </th>
            <td
              className="sc-hKFyIo gngZTL"
            >
              No
            </td>
            <td
              className="sc-hKFyIo gngZTL"
            >
               
            </td>
          </tr>
          <tr
            className="sc-eCApGN"
          >
            <th
              className="sc-hKFyIo frRdSr"
            >
              Enabled
            </th>
            <td
              className="sc-hKFyIo gngZTL"
            >
              Yes
            </td>
            <td
              className="sc-hKFyIo gngZTL"
            >
              <button
                className="sc-fujyUd bkpJKP"
                data-qa="enable-button"
                disabled={false}
                onClick={[Function]}
                value="joesmith"
              >
                Disable
              </button>
            </td>
          </tr>
          <tr
            className="sc-eCApGN"
          >
            <th
              className="sc-hKFyIo frRdSr"
            >
              Verified
            </th>
            <td
              className="sc-hKFyIo gngZTL"
            >
              No
            </td>
            <td
              className="sc-hKFyIo gngZTL"
            >
               
            </td>
          </tr>
          <tr
            className="sc-eCApGN"
          >
            <th
              className="sc-hKFyIo frRdSr"
            >
              Last logged in
            </th>
            <td
              className="sc-hKFyIo gngZTL"
            >
              2 February 2019 - 12:05:10
            </td>
            <td
              className="sc-hKFyIo gngZTL"
            >
               
            </td>
          </tr>
        </tbody>
      </table>
    </div>
  </div>
  <div
    className="sc-gKAblj cMBmtJ"
  >
    <div
      className="sc-iCoHVE ipJZGi"
    >
      <table
        className="sc-jSFkmK bVAlUI"
        data-qa="user-roles"
      >
        <tbody
          className="sc-gtssRu"
        >
          <tr
            className="sc-eCApGN"
          >
            <th
              className="sc-hKFyIo frRdSr"
            >
              Current roles
            </th>
            <th
              className="sc-hKFyIo frRdSr"
            >
               
            </th>
          </tr>
          <tr
            className="sc-eCApGN"
          >
            <td
              className="sc-hKFyIo gngZTL"
            >
              No roles found
            </td>
            <td
              className="sc-hKFyIo gngZTL"
            >
               
            </td>
          </tr>
        </tbody>
      </table>
    </div>
  </div>
  <div>
    <button
      className="sc-fujyUd xaCzL"
      data-qa="add-role-button"
      disabled={false}
      onClick={[Function]}
    >
      Add role
    </button>
  </div>
  <div
    className="sc-gKAblj cMBmtJ"
  >
    <div
      className="sc-iCoHVE ipJZGi"
    >
      <table
        className="sc-jSFkmK bVAlUI"
        data-qa="user-groups"
      >
        <tbody
          className="sc-gtssRu"
        >
          <tr
            className="sc-eCApGN"
          >
            <th
              className="sc-hKFyIo frRdSr"
            >
              Current groups
            </th>
            <th
              className="sc-hKFyIo frRdSr"
            >
               
            </th>
          </tr>
          <tr
            className="sc-eCApGN"
          >
            <td
              className="sc-hKFyIo gngZTL"
            >
              No groups found
            </td>
            <td
              className="sc-hKFyIo gngZTL"
            >
               
            </td>
          </tr>
        </tbody>
      </table>
    </div>
  </div>
  <div>
    <button
      className="sc-fujyUd xaCzL"
      data-qa="add-group-button"
      disabled={false}
      onClick={[Function]}
    >
      Add group
    </button>
  </div>
</div>
`;

exports[`Auth user display no roles should render correctly with user and no roles 1`] = `
<div>
  <div
    className="sc-gKAblj zZzyC"
  >
    <div
      className="sc-iCoHVE dLqnWd"
    >
      <table
        className="sc-jSFkmK bVAlUI"
        data-qa="user-details"
      >
        <tbody
          className="sc-gtssRu"
        >
          <tr
            className="sc-eCApGN"
          >
            <th
              className="sc-hKFyIo frRdSr"
            >
              Username
            </th>
            <td
              className="sc-hKFyIo gngZTL"
            >
              joesmith
            </td>
            <td
              className="sc-hKFyIo gngZTL"
            >
               
            </td>
          </tr>
          <tr
            className="sc-eCApGN"
          >
            <th
              className="sc-hKFyIo frRdSr"
            >
              Name
            </th>
            <td
              className="sc-hKFyIo gngZTL"
            >
              Joe
               
              Smith
            </td>
            <td
              className="sc-hKFyIo gngZTL"
            >
               
            </td>
          </tr>
          <tr
            className="sc-eCApGN"
          >
            <th
              className="sc-hKFyIo frRdSr"
            >
              Email
            </th>
            <td
              className="sc-hKFyIo gngZTL"
            >
              joe.smith@justice.gov.uk
            </td>
            <td
              className="sc-hKFyIo gngZTL"
            >
              <a
                className="sc-jrsJCI dKNLPL"
                data-qa="amend-link"
                href="/maintain-auth-users/joesmith/amend"
                muted={false}
                noVisitedState={false}
                onClick={[Function]}
                textColour={false}
              >
                Change
              </a>
            </td>
          </tr>
          <tr
            className="sc-eCApGN"
          >
            <th
              className="sc-hKFyIo frRdSr"
            >
              Locked
            </th>
            <td
              className="sc-hKFyIo gngZTL"
            >
              No
            </td>
            <td
              className="sc-hKFyIo gngZTL"
            >
               
            </td>
          </tr>
          <tr
            className="sc-eCApGN"
          >
            <th
              className="sc-hKFyIo frRdSr"
            >
              Enabled
            </th>
            <td
              className="sc-hKFyIo gngZTL"
            >
              Yes
            </td>
            <td
              className="sc-hKFyIo gngZTL"
            >
              <button
                className="sc-fujyUd bkpJKP"
                data-qa="enable-button"
                disabled={false}
                onClick={[Function]}
                value="joesmith"
              >
                Disable
              </button>
            </td>
          </tr>
          <tr
            className="sc-eCApGN"
          >
            <th
              className="sc-hKFyIo frRdSr"
            >
              Verified
            </th>
            <td
              className="sc-hKFyIo gngZTL"
            >
              No
            </td>
            <td
              className="sc-hKFyIo gngZTL"
            >
               
            </td>
          </tr>
          <tr
            className="sc-eCApGN"
          >
            <th
              className="sc-hKFyIo frRdSr"
            >
              Last logged in
            </th>
            <td
              className="sc-hKFyIo gngZTL"
            >
              2 February 2019 - 12:05:10
            </td>
            <td
              className="sc-hKFyIo gngZTL"
            >
               
            </td>
          </tr>
        </tbody>
      </table>
    </div>
  </div>
  <div
    className="sc-gKAblj cMBmtJ"
  >
    <div
      className="sc-iCoHVE ipJZGi"
    >
      <table
        className="sc-jSFkmK bVAlUI"
        data-qa="user-roles"
      >
        <tbody
          className="sc-gtssRu"
        >
          <tr
            className="sc-eCApGN"
          >
            <th
              className="sc-hKFyIo frRdSr"
            >
              Current roles
            </th>
            <th
              className="sc-hKFyIo frRdSr"
            >
               
            </th>
          </tr>
          <tr
            className="sc-eCApGN"
          >
            <td
              className="sc-hKFyIo gngZTL"
            >
              No roles found
            </td>
            <td
              className="sc-hKFyIo gngZTL"
            >
               
            </td>
          </tr>
        </tbody>
      </table>
    </div>
  </div>
  <div>
    <button
      className="sc-fujyUd xaCzL"
      data-qa="add-role-button"
      disabled={false}
      onClick={[Function]}
    >
      Add role
    </button>
  </div>
  <div
    className="sc-gKAblj cMBmtJ"
  >
    <div
      className="sc-iCoHVE ipJZGi"
    >
      <table
        className="sc-jSFkmK bVAlUI"
        data-qa="user-groups"
      >
        <tbody
          className="sc-gtssRu"
        >
          <tr
            className="sc-eCApGN"
          >
            <th
              className="sc-hKFyIo frRdSr"
            >
              Current groups
            </th>
            <th
              className="sc-hKFyIo frRdSr"
            >
               
            </th>
          </tr>
          <tr
            className="sc-eCApGN"
          >
            <td
              className="sc-hKFyIo gngZTL"
            >
              No groups found
            </td>
            <td
              className="sc-hKFyIo gngZTL"
            >
               
            </td>
          </tr>
        </tbody>
      </table>
    </div>
  </div>
  <div>
    <button
      className="sc-fujyUd xaCzL"
      data-qa="add-group-button"
      disabled={false}
      onClick={[Function]}
    >
      Add group
    </button>
  </div>
</div>
`;

exports[`Auth user display should render correctly with user roles and groups - add groups available for admin user 1`] = `
<div>
  <div
    className="sc-gKAblj zZzyC"
  >
    <div
      className="sc-iCoHVE dLqnWd"
    >
      <table
        className="sc-jSFkmK bVAlUI"
        data-qa="user-details"
      >
        <tbody
          className="sc-gtssRu"
        >
          <tr
            className="sc-eCApGN"
          >
            <th
              className="sc-hKFyIo frRdSr"
            >
              Username
            </th>
            <td
              className="sc-hKFyIo gngZTL"
            >
              joesmith
            </td>
            <td
              className="sc-hKFyIo gngZTL"
            >
               
            </td>
          </tr>
          <tr
            className="sc-eCApGN"
          >
            <th
              className="sc-hKFyIo frRdSr"
            >
              Name
            </th>
            <td
              className="sc-hKFyIo gngZTL"
            >
              Joe
               
              Smith
            </td>
            <td
              className="sc-hKFyIo gngZTL"
            >
               
            </td>
          </tr>
          <tr
            className="sc-eCApGN"
          >
            <th
              className="sc-hKFyIo frRdSr"
            >
              Email
            </th>
            <td
              className="sc-hKFyIo gngZTL"
            >
              joe.smith@justice.gov.uk
            </td>
            <td
              className="sc-hKFyIo gngZTL"
            >
              <a
                className="sc-jrsJCI dKNLPL"
                data-qa="amend-link"
                href="/maintain-auth-users/joesmith/amend"
                muted={false}
                noVisitedState={false}
                onClick={[Function]}
                textColour={false}
              >
                Change
              </a>
            </td>
          </tr>
          <tr
            className="sc-eCApGN"
          >
            <th
              className="sc-hKFyIo frRdSr"
            >
              Locked
            </th>
            <td
              className="sc-hKFyIo gngZTL"
            >
              No
            </td>
            <td
              className="sc-hKFyIo gngZTL"
            >
               
            </td>
          </tr>
          <tr
            className="sc-eCApGN"
          >
            <th
              className="sc-hKFyIo frRdSr"
            >
              Enabled
            </th>
            <td
              className="sc-hKFyIo gngZTL"
            >
              Yes
            </td>
            <td
              className="sc-hKFyIo gngZTL"
            >
              <button
                className="sc-fujyUd bkpJKP"
                data-qa="enable-button"
                disabled={false}
                onClick={[Function]}
                value="joesmith"
              >
                Disable
              </button>
            </td>
          </tr>
          <tr
            className="sc-eCApGN"
          >
            <th
              className="sc-hKFyIo frRdSr"
            >
              Verified
            </th>
            <td
              className="sc-hKFyIo gngZTL"
            >
              Yes
            </td>
            <td
              className="sc-hKFyIo gngZTL"
            >
               
            </td>
          </tr>
          <tr
            className="sc-eCApGN"
          >
            <th
              className="sc-hKFyIo frRdSr"
            >
              Last logged in
            </th>
            <td
              className="sc-hKFyIo gngZTL"
            >
              2 February 2019 - 12:05:10
            </td>
            <td
              className="sc-hKFyIo gngZTL"
            >
               
            </td>
          </tr>
        </tbody>
      </table>
    </div>
  </div>
  <div
    className="sc-gKAblj cMBmtJ"
  >
    <div
      className="sc-iCoHVE ipJZGi"
    >
      <table
        className="sc-jSFkmK bVAlUI"
        data-qa="user-roles"
      >
        <tbody
          className="sc-gtssRu"
        >
          <tr
            className="sc-eCApGN"
          >
            <th
              className="sc-hKFyIo frRdSr"
            >
              Current roles
            </th>
            <th
              className="sc-hKFyIo frRdSr"
            >
               
            </th>
          </tr>
          <tr
            className="sc-eCApGN"
          >
            <td
              className="sc-hKFyIo gngZTL"
            >
              Role A
            </td>
            <td
              className="sc-hKFyIo hzoxWY"
            >
              <button
                className="sc-fujyUd bkpJKP"
                data-qa="remove-button-roleA"
                disabled={false}
                onClick={[Function]}
                value="roleA"
              >
                Remove
              </button>
            </td>
          </tr>
          <tr
            className="sc-eCApGN"
          >
            <td
              className="sc-hKFyIo gngZTL"
            >
              Role B
            </td>
            <td
              className="sc-hKFyIo hzoxWY"
            >
              <button
                className="sc-fujyUd bkpJKP"
                data-qa="remove-button-roleB"
                disabled={false}
                onClick={[Function]}
                value="roleB"
              >
                Remove
              </button>
            </td>
          </tr>
        </tbody>
      </table>
    </div>
  </div>
  <div>
    <button
      className="sc-fujyUd xaCzL"
      data-qa="add-role-button"
      disabled={false}
      onClick={[Function]}
    >
      Add role
    </button>
  </div>
  <div
    className="sc-gKAblj cMBmtJ"
  >
    <div
      className="sc-iCoHVE ipJZGi"
    >
      <table
        className="sc-jSFkmK bVAlUI"
        data-qa="user-groups"
      >
        <tbody
          className="sc-gtssRu"
        >
          <tr
            className="sc-eCApGN"
          >
            <th
              className="sc-hKFyIo frRdSr"
            >
              Current groups
            </th>
            <th
              className="sc-hKFyIo frRdSr"
            >
               
            </th>
          </tr>
          <tr
            className="sc-eCApGN"
          >
            <td
              className="sc-hKFyIo gngZTL"
            >
              Group 1
            </td>
            <td
              className="sc-hKFyIo hzoxWY"
            >
              <button
                className="sc-fujyUd bkpJKP"
                data-qa="remove-button-group1"
                disabled={false}
                onClick={[Function]}
                value="group1"
              >
                Remove
              </button>
            </td>
          </tr>
          <tr
            className="sc-eCApGN"
          >
            <td
              className="sc-hKFyIo gngZTL"
            >
              Group 2
            </td>
            <td
              className="sc-hKFyIo hzoxWY"
            >
              <button
                className="sc-fujyUd bkpJKP"
                data-qa="remove-button-group2"
                disabled={false}
                onClick={[Function]}
                value="group2"
              >
                Remove
              </button>
            </td>
          </tr>
        </tbody>
      </table>
    </div>
  </div>
  <div>
    <button
      className="sc-fujyUd xaCzL"
      data-qa="add-group-button"
      disabled={false}
      onClick={[Function]}
    >
      Add group
    </button>
  </div>
</div>
`;

exports[`Auth user display should render correctly with user roles and groups - add groups not available for Group Manager 1`] = `
<div>
  <div
    className="sc-gKAblj zZzyC"
  >
    <div
      className="sc-iCoHVE dLqnWd"
    >
      <table
        className="sc-jSFkmK bVAlUI"
        data-qa="user-details"
      >
        <tbody
          className="sc-gtssRu"
        >
          <tr
            className="sc-eCApGN"
          >
            <th
              className="sc-hKFyIo frRdSr"
            >
              Username
            </th>
            <td
              className="sc-hKFyIo gngZTL"
            >
              joesmith
            </td>
            <td
              className="sc-hKFyIo gngZTL"
            >
               
            </td>
          </tr>
          <tr
            className="sc-eCApGN"
          >
            <th
              className="sc-hKFyIo frRdSr"
            >
              Name
            </th>
            <td
              className="sc-hKFyIo gngZTL"
            >
              Joe
               
              Smith
            </td>
            <td
              className="sc-hKFyIo gngZTL"
            >
               
            </td>
          </tr>
          <tr
            className="sc-eCApGN"
          >
            <th
              className="sc-hKFyIo frRdSr"
            >
              Email
            </th>
            <td
              className="sc-hKFyIo gngZTL"
            >
              joe.smith@justice.gov.uk
            </td>
            <td
              className="sc-hKFyIo gngZTL"
            >
              <a
                className="sc-jrsJCI dKNLPL"
                data-qa="amend-link"
                href="/maintain-auth-users/joesmith/amend"
                muted={false}
                noVisitedState={false}
                onClick={[Function]}
                textColour={false}
              >
                Change
              </a>
            </td>
          </tr>
          <tr
            className="sc-eCApGN"
          >
            <th
              className="sc-hKFyIo frRdSr"
            >
              Locked
            </th>
            <td
              className="sc-hKFyIo gngZTL"
            >
              No
            </td>
            <td
              className="sc-hKFyIo gngZTL"
            >
               
            </td>
          </tr>
          <tr
            className="sc-eCApGN"
          >
            <th
              className="sc-hKFyIo frRdSr"
            >
              Enabled
            </th>
            <td
              className="sc-hKFyIo gngZTL"
            >
              Yes
            </td>
            <td
              className="sc-hKFyIo gngZTL"
            >
              <button
                className="sc-fujyUd bkpJKP"
                data-qa="enable-button"
                disabled={false}
                onClick={[Function]}
                value="joesmith"
              >
                Disable
              </button>
            </td>
          </tr>
          <tr
            className="sc-eCApGN"
          >
            <th
              className="sc-hKFyIo frRdSr"
            >
              Verified
            </th>
            <td
              className="sc-hKFyIo gngZTL"
            >
              Yes
            </td>
            <td
              className="sc-hKFyIo gngZTL"
            >
               
            </td>
          </tr>
          <tr
            className="sc-eCApGN"
          >
            <th
              className="sc-hKFyIo frRdSr"
            >
              Last logged in
            </th>
            <td
              className="sc-hKFyIo gngZTL"
            >
              2 February 2019 - 12:05:10
            </td>
            <td
              className="sc-hKFyIo gngZTL"
            >
               
            </td>
          </tr>
        </tbody>
      </table>
    </div>
  </div>
  <div
    className="sc-gKAblj cMBmtJ"
  >
    <div
      className="sc-iCoHVE ipJZGi"
    >
      <table
        className="sc-jSFkmK bVAlUI"
        data-qa="user-roles"
      >
        <tbody
          className="sc-gtssRu"
        >
          <tr
            className="sc-eCApGN"
          >
            <th
              className="sc-hKFyIo frRdSr"
            >
              Current roles
            </th>
            <th
              className="sc-hKFyIo frRdSr"
            >
               
            </th>
          </tr>
          <tr
            className="sc-eCApGN"
          >
            <td
              className="sc-hKFyIo gngZTL"
            >
              Role A
            </td>
            <td
              className="sc-hKFyIo hzoxWY"
            >
              <button
                className="sc-fujyUd bkpJKP"
                data-qa="remove-button-roleA"
                disabled={false}
                onClick={[Function]}
                value="roleA"
              >
                Remove
              </button>
            </td>
          </tr>
          <tr
            className="sc-eCApGN"
          >
            <td
              className="sc-hKFyIo gngZTL"
            >
              Role B
            </td>
            <td
              className="sc-hKFyIo hzoxWY"
            >
              <button
                className="sc-fujyUd bkpJKP"
                data-qa="remove-button-roleB"
                disabled={false}
                onClick={[Function]}
                value="roleB"
              >
                Remove
              </button>
            </td>
          </tr>
        </tbody>
      </table>
    </div>
  </div>
  <div>
    <button
      className="sc-fujyUd xaCzL"
      data-qa="add-role-button"
      disabled={false}
      onClick={[Function]}
    >
      Add role
    </button>
  </div>
  <div
    className="sc-gKAblj cMBmtJ"
  >
    <div
      className="sc-iCoHVE ipJZGi"
    >
      <table
        className="sc-jSFkmK bVAlUI"
        data-qa="user-groups"
      >
        <tbody
          className="sc-gtssRu"
        >
          <tr
            className="sc-eCApGN"
          >
            <th
              className="sc-hKFyIo frRdSr"
            >
              Current groups
            </th>
            <th
              className="sc-hKFyIo frRdSr"
            >
               
            </th>
          </tr>
          <tr
            className="sc-eCApGN"
          >
            <td
              className="sc-hKFyIo gngZTL"
            >
              Group 1
            </td>
            <td
              className="sc-hKFyIo hzoxWY"
            />
          </tr>
          <tr
            className="sc-eCApGN"
          >
            <td
              className="sc-hKFyIo gngZTL"
            >
              Group 2
            </td>
            <td
              className="sc-hKFyIo hzoxWY"
            />
          </tr>
        </tbody>
      </table>
    </div>
  </div>
</div>
`;
