// Jest Snapshot v1, https://goo.gl/fbAQLP

exports[`<AdminUtilitiesContainer /> should render the Maintain HMPPS Users page 1`] = `
Array [
  <div
    className="sc-dnqmqq covUjf"
  >
    <ul
      className="sc-iwsKbI cWIuJK"
    >
      <li
        className="sc-gZMcBi cRHLOy"
      >
        <a
          data-qa="breadcrumb-home-page-link"
          href=""
        >
          Home
        </a>
      </li>
      <li
        className="sc-gZMcBi cRHLOy"
      >
        <span>
          Maintain HMPPS Users
        </span>
      </li>
    </ul>
  </div>,
  <div
    className="sc-htoDjs bCKyuL"
  >
    
    <h1
      className="sc-bdVaJa dSUtdh"
      size="LARGE"
    >
      Maintain HMPPS Users
    </h1>
    <div
      className="page-content"
    >
      <div
        className="sc-gqjmRU cthAvw"
      >
        <div
          className="sc-VigVT dUvdCr"
        >
          <a
            className="link"
            href="/maintain-roles"
            id="maintain_roles_link"
            onClick={[Function]}
            title="Manage NOMIS user roles"
          >
            Manage NOMIS user roles
          </a>
          <div>
            Add and remove NOMIS user roles.
          </div>
        </div>
        <div
          className="sc-VigVT dUvdCr"
        >
          <a
            className="link"
            href="/maintain-auth-users"
            id="maintain_auth_users_link"
            onClick={[Function]}
            title="Manage auth users"
          >
            Manage auth users
          </a>
          <div>
            Maintain users that do not exist in NOMIS, only in auth.
          </div>
        </div>
        <div
          className="sc-VigVT dUvdCr"
        >
          <a
            className="link"
            href="/create-auth-user"
            id="create_auth_user_link"
            onClick={[Function]}
            title="Create auth user"
          >
            Create auth user
          </a>
          <div>
            Create user in auth (not in NOMIS).
          </div>
        </div>
      </div>
    </div>
  </div>,
]
`;
